
<h1>Logman â€“ Delete</h1>
<form method="post">
  <p>Do you really want to delete this entry?</p>
  <p class="logman_buttons"><button name="logman_do">Delete</button></p>
</form>
