
<h1>Logman 1.1-dev</h1>
<div class="logman_syscheck">
  <h2>System Check</h2>
  <p class="xh_success">CMSimple_XH version is at least 1.7.0 – good</p>
  <p class="xh_success">PHP version is at least 7.4.0 – good</p>
  <p class="xh_success">./config/config.php is writable – good</p>
  <p class="xh_success">./css/stylesheet.css is writable – good</p>
  <p class="xh_success">./languages/en.php is writable – good</p>
</div>
